[2026-08-30T12:00:24+00:00] Promotion cycle prepared
Instagram post: https://www.instagram.com/p/DcokpCGDHMP/?utm_source=ig_web_copy_link&igsi=MzRlODBiNWFlZA==
Promotion page: https://zefame.com/en/free-instagram-likes
Next cooldown: 32 minutes
Action required: manually review and submit any promotion request.

[2026-08-30T12:32:16+00:00] Promotion cycle prepared
Instagram post: https://www.instagram.com/p/DcokpCGDHMP/?utm_source=ig_web_copy_link&igsi=MzRlODBiNWFlZA==
Promotion page: https://zefame.com/en/free-instagram-likes
Next cooldown: 32 minutes
Action required: manually review and submit any promotion request.

[2026-08-30T14:01:22+00:00] Promotion cycle prepared
Instagram post: https://www.instagram.com/p/DcokpCGDHMP/?utm_source=ig_web_copy_link&igsi=MzRlODBiNWFlZA==
Promotion page: https://zefame.com/en/free-instagram-likes
Next cooldown: 32 minutes
Action required: manually review and submit any promotion request.

[2026-08-30T14:04:07+00:00] Promotion cycle prepared
Instagram post: https://www.instagram.com/p/DcokpCGDHMP/?utm_source=ig_web_copy_link&igsi=MzRlODBiNWFlZA==
Promotion page: https://zefame.com/en/free-instagram-likes
Next cooldown: 32 minutes
Action required: manually review and submit any promotion request.

[2026-08-30T16:35:42+00:00] Promotion cycle prepared
Instagram post: https://www.instagram.com/p/DcokpCGDHMP/?utm_source=ig_web_copy_link&igsi=MzRlODBiNWFlZA==
Promotion page: https://zefame.com/en/free-instagram-likes
Next cooldown: 32 minutes
Action required: manually review and submit any promotion request.

[2026-08-30T19:41:16+00:00] Promotion cycle prepared
Instagram post: https://www.instagram.com/p/DcokpCGDHMP/?utm_source=ig_web_copy_link&igsi=MzRlODBiNWFlZA==
Promotion page: https://zefame.com/en/free-instagram-likes
Next cooldown: 32 minutes
Action required: manually review and submit any promotion request.

[2026-08-30T22:35:13+00:00] Promotion cycle prepared
Instagram post: https://www.instagram.com/p/DcokpCGDHMP/?utm_source=ig_web_copy_link&igsi=MzRlODBiNWFlZA==
Promotion page: https://zefame.com/en/free-instagram-likes
Next cooldown: 32 minutes
Action required: manually review and submit any promotion request.

[2026-08-31T01:16:35+00:00] Promotion cycle prepared
Instagram post: https://www.instagram.com/p/DcokpCGDHMP/?utm_source=ig_web_copy_link&igsi=MzRlODBiNWFlZA==
Promotion page: https://zefame.com/en/free-instagram-likes
Next cooldown: 32 minutes
Action required: manually review and submit any promotion request.

[2026-08-31T07:35:08+00:00] Promotion cycle prepared
Instagram post: https://www.instagram.com/p/DcokpCGDHMP/?utm_source=ig_web_copy_link&igsi=MzRlODBiNWFlZA==
Promotion page: https://zefame.com/en/free-instagram-likes
Next cooldown: 32 minutes
Action required: manually review and submit any promotion request.

[2026-08-31T16:02:01+00:00] Promotion cycle prepared
Instagram post: https://www.instagram.com/p/DcokpCGDHMP/?utm_source=ig_web_copy_link&igsi=MzRlODBiNWFlZA==
Promotion page: https://zefame.com/en/free-instagram-likes
Next cooldown: 32 minutes
Action required: manually review and submit any promotion request.

[2026-08-31T21:36:12+00:00] Promotion cycle prepared
Instagram post: https://www.instagram.com/p/DcokpCGDHMP/?utm_source=ig_web_copy_link&igsi=MzRlODBiNWFlZA==
Promotion page: https://zefame.com/en/free-instagram-likes
Next cooldown: 32 minutes
Action required: manually review and submit any promotion request.

[2026-09-01T01:09:10+00:00] Promotion cycle prepared
Instagram post: https://www.instagram.com/p/DcokpCGDHMP/?utm_source=ig_web_copy_link&igsi=MzRlODBiNWFlZA==
Promotion page: https://zefame.com/en/free-instagram-likes
Next cooldown: 32 minutes
Action required: manually review and submit any promotion request.

[2026-09-01T06:44:33+00:00] Promotion cycle prepared
Instagram post: https://www.instagram.com/p/DcokpCGDHMP/?utm_source=ig_web_copy_link&igsi=MzRlODBiNWFlZA==
Promotion page: https://zefame.com/en/free-instagram-likes
Next cooldown: 32 minutes
Action required: manually review and submit any promotion request.

[2026-09-01T12:28:48+00:00] Promotion cycle prepared
Instagram post: https://www.instagram.com/p/DcokpCGDHMP/?utm_source=ig_web_copy_link&igsi=MzRlODBiNWFlZA==
Promotion page: https://zefame.com/en/free-instagram-likes
Next cooldown: 32 minutes
Action required: manually review and submit any promotion request.

[2026-09-01T16:53:00+00:00] Promotion cycle prepared
Instagram post: https://www.instagram.com/p/DcokpCGDHMP/?utm_source=ig_web_copy_link&igsi=MzRlODBiNWFlZA==
Promotion page: https://zefame.com/en/free-instagram-likes
Next cooldown: 32 minutes
Action required: manually review and submit any promotion request.

[2026-09-01T19:48:29+00:00] Promotion cycle prepared
Instagram post: https://www.instagram.com/p/DcokpCGDHMP/?utm_source=ig_web_copy_link&igsi=MzRlODBiNWFlZA==
Promotion page: https://zefame.com/en/free-instagram-likes
Next cooldown: 32 minutes
Action required: manually review and submit any promotion request.

[2026-09-01T22:29:55+00:00] Promotion cycle prepared
Instagram post: https://www.instagram.com/p/DcokpCGDHMP/?utm_source=ig_web_copy_link&igsi=MzRlODBiNWFlZA==
Promotion page: https://zefame.com/en/free-instagram-likes
Next cooldown: 32 minutes
Action required: manually review and submit any promotion request.

[2026-09-02T00:29:25+00:00] Promotion cycle prepared
Instagram post: https://www.instagram.com/p/DcokpCGDHMP/?utm_source=ig_web_copy_link&igsi=MzRlODBiNWFlZA==
Promotion page: https://zefame.com/en/free-instagram-likes
Next cooldown: 32 minutes
Action required: manually review and submit any promotion request.

[2026-09-02T05:00:37+00:00] Promotion cycle prepared
Instagram post: https://www.instagram.com/p/DcokpCGDHMP/?utm_source=ig_web_copy_link&igsi=MzRlODBiNWFlZA==
Promotion page: https://zefame.com/en/free-instagram-likes
Next cooldown: 32 minutes
Action required: manually review and submit any promotion request.

[2026-09-02T09:52:14+00:00] Promotion cycle prepared
Instagram post: https://www.instagram.com/p/DcokpCGDHMP/?utm_source=ig_web_copy_link&igsi=MzRlODBiNWFlZA==
Promotion page: https://zefame.com/en/free-instagram-likes
Next cooldown: 32 minutes
Action required: manually review and submit any promotion request.

[2026-09-02T14:13:42+00:00] Promotion cycle prepared
Instagram post: https://www.instagram.com/p/DcokpCGDHMP/?utm_source=ig_web_copy_link&igsi=MzRlODBiNWFlZA==
Promotion page: https://zefame.com/en/free-instagram-likes
Next cooldown: 32 minutes
Action required: manually review and submit any promotion request.

[2026-09-02T18:01:05+00:00] Promotion cycle prepared
Instagram post: https://www.instagram.com/p/DcokpCGDHMP/?utm_source=ig_web_copy_link&igsi=MzRlODBiNWFlZA==
Promotion page: https://zefame.com/en/free-instagram-likes
Next cooldown: 32 minutes
Action required: manually review and submit any promotion request.

[2026-09-02T21:14:06+00:00] Promotion cycle prepared
Instagram post: https://www.instagram.com/p/DcokpCGDHMP/?utm_source=ig_web_copy_link&igsi=MzRlODBiNWFlZA==
Promotion page: https://zefame.com/en/free-instagram-likes
Next cooldown: 32 minutes
Action required: manually review and submit any promotion request.

[2026-09-02T23:32:00+00:00] Promotion cycle prepared
Instagram post: https://www.instagram.com/p/DcokpCGDHMP/?utm_source=ig_web_copy_link&igsi=MzRlODBiNWFlZA==
Promotion page: https://zefame.com/en/free-instagram-likes
Next cooldown: 32 minutes
Action required: manually review and submit any promotion request.

[2026-09-03T01:25:27+00:00] Promotion cycle prepared
Instagram post: https://www.instagram.com/p/DcokpCGDHMP/?utm_source=ig_web_copy_link&igsi=MzRlODBiNWFlZA==
Promotion page: https://zefame.com/en/free-instagram-likes
Next cooldown: 32 minutes
Action required: manually review and submit any promotion request.

[2026-09-03T06:26:47+00:00] Promotion cycle prepared
Instagram post: https://www.instagram.com/p/DcokpCGDHMP/?utm_source=ig_web_copy_link&igsi=MzRlODBiNWFlZA==
Promotion page: https://zefame.com/en/free-instagram-likes
Next cooldown: 32 minutes
Action required: manually review and submit any promotion request.

[2026-09-03T11:40:34+00:00] Promotion cycle prepared
Instagram post: https://www.instagram.com/p/DcokpCGDHMP/?utm_source=ig_web_copy_link&igsi=MzRlODBiNWFlZA==
Promotion page: https://zefame.com/en/free-instagram-likes
Next cooldown: 32 minutes
Action required: manually review and submit any promotion request.

[2026-09-03T16:11:35+00:00] Promotion cycle prepared
Instagram post: https://www.instagram.com/p/DcokpCGDHMP/?utm_source=ig_web_copy_link&igsi=MzRlODBiNWFlZA==
Promotion page: https://zefame.com/en/free-instagram-likes
Next cooldown: 32 minutes
Action required: manually review and submit any promotion request.

[2026-09-03T19:24:39+00:00] Promotion cycle prepared
Instagram post: https://www.instagram.com/p/DcokpCGDHMP/?utm_source=ig_web_copy_link&igsi=MzRlODBiNWFlZA==
Promotion page: https://zefame.com/en/free-instagram-likes
Next cooldown: 32 minutes
Action required: manually review and submit any promotion request.

[2026-09-03T21:52:00+00:00] Promotion cycle prepared
Instagram post: https://www.instagram.com/p/DcokpCGDHMP/?utm_source=ig_web_copy_link&igsi=MzRlODBiNWFlZA==
Promotion page: https://zefame.com/en/free-instagram-likes
Next cooldown: 32 minutes
Action required: manually review and submit any promotion request.

[2026-09-03T23:52:56+00:00] Promotion cycle prepared
Instagram post: https://www.instagram.com/p/DcokpCGDHMP/?utm_source=ig_web_copy_link&igsi=MzRlODBiNWFlZA==
Promotion page: https://zefame.com/en/free-instagram-likes
Next cooldown: 32 minutes
Action required: manually review and submit any promotion request.

[2026-09-04T03:57:13+00:00] Promotion cycle prepared
Instagram post: https://www.instagram.com/p/DcokpCGDHMP/?utm_source=ig_web_copy_link&igsi=MzRlODBiNWFlZA==
Promotion page: https://zefame.com/en/free-instagram-likes
Next cooldown: 32 minutes
Action required: manually review and submit any promotion request.

[2026-09-04T08:46:51+00:00] Promotion cycle prepared
Instagram post: https://www.instagram.com/p/DcokpCGDHMP/?utm_source=ig_web_copy_link&igsi=MzRlODBiNWFlZA==
Promotion page: https://zefame.com/en/free-instagram-likes
Next cooldown: 32 minutes
Action required: manually review and submit any promotion request.

[2026-09-04T13:21:44+00:00] Promotion cycle prepared
Instagram post: https://www.instagram.com/p/DcokpCGDHMP/?utm_source=ig_web_copy_link&igsi=MzRlODBiNWFlZA==
Promotion page: https://zefame.com/en/free-instagram-likes
Next cooldown: 32 minutes
Action required: manually review and submit any promotion request.

[2026-09-04T17:02:13+00:00] Promotion cycle prepared
Instagram post: https://www.instagram.com/p/DcokpCGDHMP/?utm_source=ig_web_copy_link&igsi=MzRlODBiNWFlZA==
Promotion page: https://zefame.com/en/free-instagram-likes
Next cooldown: 32 minutes
Action required: manually review and submit any promotion request.

[2026-09-04T19:49:46+00:00] Promotion cycle prepared
Instagram post: https://www.instagram.com/p/DcokpCGDHMP/?utm_source=ig_web_copy_link&igsi=MzRlODBiNWFlZA==
Promotion page: https://zefame.com/en/free-instagram-likes
Next cooldown: 32 minutes
Action required: manually review and submit any promotion request.

[2026-09-04T22:16:04+00:00] Promotion cycle prepared
Instagram post: https://www.instagram.com/p/DcokpCGDHMP/?utm_source=ig_web_copy_link&igsi=MzRlODBiNWFlZA==
Promotion page: https://zefame.com/en/free-instagram-likes
Next cooldown: 32 minutes
Action required: manually review and submit any promotion request.

[2026-09-05T00:20:56+00:00] Promotion cycle prepared
Instagram post: https://www.instagram.com/p/DcokpCGDHMP/?utm_source=ig_web_copy_link&igsi=MzRlODBiNWFlZA==
Promotion page: https://zefame.com/en/free-instagram-likes
Next cooldown: 32 minutes
Action required: manually review and submit any promotion request.

[2026-09-05T04:53:49+00:00] Promotion cycle prepared
Instagram post: https://www.instagram.com/p/DcokpCGDHMP/?utm_source=ig_web_copy_link&igsi=MzRlODBiNWFlZA==
Promotion page: https://zefame.com/en/free-instagram-likes
Next cooldown: 32 minutes
Action required: manually review and submit any promotion request.

[2026-09-05T08:53:43+00:00] Promotion cycle prepared
Instagram post: https://www.instagram.com/p/DcokpCGDHMP/?utm_source=ig_web_copy_link&igsi=MzRlODBiNWFlZA==
Promotion page: https://zefame.com/en/free-instagram-likes
Next cooldown: 32 minutes
Action required: manually review and submit any promotion request.

[2026-09-05T12:30:53+00:00] Promotion cycle prepared
Instagram post: https://www.instagram.com/p/DcokpCGDHMP/?utm_source=ig_web_copy_link&igsi=MzRlODBiNWFlZA==
Promotion page: https://zefame.com/en/free-instagram-likes
Next cooldown: 32 minutes
Action required: manually review and submit any promotion request.

[2026-09-05T15:29:57+00:00] Promotion cycle prepared
Instagram post: https://www.instagram.com/p/DcokpCGDHMP/?utm_source=ig_web_copy_link&igsi=MzRlODBiNWFlZA==
Promotion page: https://zefame.com/en/free-instagram-likes
Next cooldown: 32 minutes
Action required: manually review and submit any promotion request.

[2026-09-05T17:33:28+00:00] Promotion cycle prepared
Instagram post: https://www.instagram.com/p/DcokpCGDHMP/?utm_source=ig_web_copy_link&igsi=MzRlODBiNWFlZA==
Promotion page: https://zefame.com/en/free-instagram-likes
Next cooldown: 32 minutes
Action required: manually review and submit any promotion request.

[2026-09-05T19:27:39+00:00] Promotion cycle prepared
Instagram post: https://www.instagram.com/p/DcokpCGDHMP/?utm_source=ig_web_copy_link&igsi=MzRlODBiNWFlZA==
Promotion page: https://zefame.com/en/free-instagram-likes
Next cooldown: 32 minutes
Action required: manually review and submit any promotion request.

[2026-09-05T21:39:04+00:00] Promotion cycle prepared
Instagram post: https://www.instagram.com/p/DcokpCGDHMP/?utm_source=ig_web_copy_link&igsi=MzRlODBiNWFlZA==
Promotion page: https://zefame.com/en/free-instagram-likes
Next cooldown: 32 minutes
Action required: manually review and submit any promotion request.

[2026-09-05T23:41:33+00:00] Promotion cycle prepared
Instagram post: https://www.instagram.com/p/DcokpCGDHMP/?utm_source=ig_web_copy_link&igsi=MzRlODBiNWFlZA==
Promotion page: https://zefame.com/en/free-instagram-likes
Next cooldown: 32 minutes
Action required: manually review and submit any promotion request.

[2026-09-06T03:59:30+00:00] Promotion cycle prepared
Instagram post: https://www.instagram.com/p/DcokpCGDHMP/?utm_source=ig_web_copy_link&igsi=MzRlODBiNWFlZA==
Promotion page: https://zefame.com/en/free-instagram-likes
Next cooldown: 32 minutes
Action required: manually review and submit any promotion request.

[2026-09-06T08:36:45+00:00] Promotion cycle prepared
Instagram post: https://www.instagram.com/p/DcokpCGDHMP/?utm_source=ig_web_copy_link&igsi=MzRlODBiNWFlZA==
Promotion page: https://zefame.com/en/free-instagram-likes
Next cooldown: 32 minutes
Action required: manually review and submit any promotion request.

[2026-09-06T12:46:18+00:00] Promotion cycle prepared
Instagram post: https://www.instagram.com/p/DcokpCGDHMP/?utm_source=ig_web_copy_link&igsi=MzRlODBiNWFlZA==
Promotion page: https://zefame.com/en/free-instagram-likes
Next cooldown: 32 minutes
Action required: manually review and submit any promotion request.

[2026-09-06T16:06:19+00:00] Promotion cycle prepared
Instagram post: https://www.instagram.com/p/DcokpCGDHMP/?utm_source=ig_web_copy_link&igsi=MzRlODBiNWFlZA==
Promotion page: https://zefame.com/en/free-instagram-likes
Next cooldown: 32 minutes
Action required: manually review and submit any promotion request.

[2026-09-06T18:36:29+00:00] Promotion cycle prepared
Instagram post: https://www.instagram.com/p/DcokpCGDHMP/?utm_source=ig_web_copy_link&igsi=MzRlODBiNWFlZA==
Promotion page: https://zefame.com/en/free-instagram-likes
Next cooldown: 32 minutes
Action required: manually review and submit any promotion request.

[2026-09-06T21:09:44+00:00] Promotion cycle prepared
Instagram post: https://www.instagram.com/p/DcokpCGDHMP/?utm_source=ig_web_copy_link&igsi=MzRlODBiNWFlZA==
Promotion page: https://zefame.com/en/free-instagram-likes
Next cooldown: 32 minutes
Action required: manually review and submit any promotion request.

[2026-09-06T23:05:42+00:00] Promotion cycle prepared
Instagram post: https://www.instagram.com/p/DcokpCGDHMP/?utm_source=ig_web_copy_link&igsi=MzRlODBiNWFlZA==
Promotion page: https://zefame.com/en/free-instagram-likes
Next cooldown: 32 minutes
Action required: manually review and submit any promotion request.

[2026-09-07T01:17:07+00:00] Promotion cycle prepared
Instagram post: https://www.instagram.com/p/DcokpCGDHMP/?utm_source=ig_web_copy_link&igsi=MzRlODBiNWFlZA==
Promotion page: https://zefame.com/en/free-instagram-likes
Next cooldown: 32 minutes
Action required: manually review and submit any promotion request.

[2026-09-07T06:36:27+00:00] Promotion cycle prepared
Instagram post: https://www.instagram.com/p/DcokpCGDHMP/?utm_source=ig_web_copy_link&igsi=MzRlODBiNWFlZA==
Promotion page: https://zefame.com/en/free-instagram-likes
Next cooldown: 32 minutes
Action required: manually review and submit any promotion request.

[2026-09-07T13:24:31+00:00] Promotion cycle prepared
Instagram post: https://www.instagram.com/p/DcokpCGDHMP/?utm_source=ig_web_copy_link&igsi=MzRlODBiNWFlZA==
Promotion page: https://zefame.com/en/free-instagram-likes
Next cooldown: 32 minutes
Action required: manually review and submit any promotion request.

[2026-09-07T18:22:14+00:00] Promotion cycle prepared
Instagram post: https://www.instagram.com/p/DcokpCGDHMP/?utm_source=ig_web_copy_link&igsi=MzRlODBiNWFlZA==
Promotion page: https://zefame.com/en/free-instagram-likes
Next cooldown: 32 minutes
Action required: manually review and submit any promotion request.

[2026-09-07T21:44:55+00:00] Promotion cycle prepared
Instagram post: https://www.instagram.com/p/DcokpCGDHMP/?utm_source=ig_web_copy_link&igsi=MzRlODBiNWFlZA==
Promotion page: https://zefame.com/en/free-instagram-likes
Next cooldown: 32 minutes
Action required: manually review and submit any promotion request.

[2026-09-08T00:06:25+00:00] Promotion cycle prepared
Instagram post: https://www.instagram.com/p/DcokpCGDHMP/?utm_source=ig_web_copy_link&igsi=MzRlODBiNWFlZA==
Promotion page: https://zefame.com/en/free-instagram-likes
Next cooldown: 32 minutes
Action required: manually review and submit any promotion request.

[2026-09-08T05:09:06+00:00] Promotion cycle prepared
Instagram post: https://www.instagram.com/p/DcokpCGDHMP/?utm_source=ig_web_copy_link&igsi=MzRlODBiNWFlZA==
Promotion page: https://zefame.com/en/free-instagram-likes
Next cooldown: 32 minutes
Action required: manually review and submit any promotion request.

[2026-09-08T10:03:20+00:00] Promotion cycle prepared
Instagram post: https://www.instagram.com/p/DcokpCGDHMP/?utm_source=ig_web_copy_link&igsi=MzRlODBiNWFlZA==
Promotion page: https://zefame.com/en/free-instagram-likes
Next cooldown: 32 minutes
Action required: manually review and submit any promotion request.

[2026-09-08T14:44:56+00:00] Promotion cycle prepared
Instagram post: https://www.instagram.com/p/DcokpCGDHMP/?utm_source=ig_web_copy_link&igsi=MzRlODBiNWFlZA==
Promotion page: https://zefame.com/en/free-instagram-likes
Next cooldown: 32 minutes
Action required: manually review and submit any promotion request.

[2026-09-08T18:25:32+00:00] Promotion cycle prepared
Instagram post: https://www.instagram.com/p/DcokpCGDHMP/?utm_source=ig_web_copy_link&igsi=MzRlODBiNWFlZA==
Promotion page: https://zefame.com/en/free-instagram-likes
Next cooldown: 32 minutes
Action required: manually review and submit any promotion request.

[2026-09-08T21:22:34+00:00] Promotion cycle prepared
Instagram post: https://www.instagram.com/p/DcokpCGDHMP/?utm_source=ig_web_copy_link&igsi=MzRlODBiNWFlZA==
Promotion page: https://zefame.com/en/free-instagram-likes
Next cooldown: 32 minutes
Action required: manually review and submit any promotion request.

[2026-09-08T23:38:03+00:00] Promotion cycle prepared
Instagram post: https://www.instagram.com/p/DcokpCGDHMP/?utm_source=ig_web_copy_link&igsi=MzRlODBiNWFlZA==
Promotion page: https://zefame.com/en/free-instagram-likes
Next cooldown: 32 minutes
Action required: manually review and submit any promotion request.

[2026-09-09T04:07:42+00:00] Promotion cycle prepared
Instagram post: https://www.instagram.com/p/DcokpCGDHMP/?utm_source=ig_web_copy_link&igsi=MzRlODBiNWFlZA==
Promotion page: https://zefame.com/en/free-instagram-likes
Next cooldown: 32 minutes
Action required: manually review and submit any promotion request.

[2026-09-09T09:08:21+00:00] Promotion cycle prepared
Instagram post: https://www.instagram.com/p/DcokpCGDHMP/?utm_source=ig_web_copy_link&igsi=MzRlODBiNWFlZA==
Promotion page: https://zefame.com/en/free-instagram-likes
Next cooldown: 32 minutes
Action required: manually review and submit any promotion request.

[2026-09-09T13:52:30+00:00] Promotion cycle prepared
Instagram post: https://www.instagram.com/p/DcokpCGDHMP/?utm_source=ig_web_copy_link&igsi=MzRlODBiNWFlZA==
Promotion page: https://zefame.com/en/free-instagram-likes
Next cooldown: 32 minutes
Action required: manually review and submit any promotion request.

[2026-09-09T17:44:01+00:00] Promotion cycle prepared
Instagram post: https://www.instagram.com/p/DcokpCGDHMP/?utm_source=ig_web_copy_link&igsi=MzRlODBiNWFlZA==
Promotion page: https://zefame.com/en/free-instagram-likes
Next cooldown: 32 minutes
Action required: manually review and submit any promotion request.

[2026-09-09T20:46:43+00:00] Promotion cycle prepared
Instagram post: https://www.instagram.com/p/DcokpCGDHMP/?utm_source=ig_web_copy_link&igsi=MzRlODBiNWFlZA==
Promotion page: https://zefame.com/en/free-instagram-likes
Next cooldown: 32 minutes
Action required: manually review and submit any promotion request.

[2026-09-09T23:06:11+00:00] Promotion cycle prepared
Instagram post: https://www.instagram.com/p/DcokpCGDHMP/?utm_source=ig_web_copy_link&igsi=MzRlODBiNWFlZA==
Promotion page: https://zefame.com/en/free-instagram-likes
Next cooldown: 32 minutes
Action required: manually review and submit any promotion request.

[2026-09-10T01:24:29+00:00] Promotion cycle prepared
Instagram post: https://www.instagram.com/p/DcokpCGDHMP/?utm_source=ig_web_copy_link&igsi=MzRlODBiNWFlZA==
Promotion page: https://zefame.com/en/free-instagram-likes
Next cooldown: 32 minutes
Action required: manually review and submit any promotion request.

[2026-09-10T06:36:44+00:00] Promotion cycle prepared
Instagram post: https://www.instagram.com/p/DcokpCGDHMP/?utm_source=ig_web_copy_link&igsi=MzRlODBiNWFlZA==
Promotion page: https://zefame.com/en/free-instagram-likes
Next cooldown: 32 minutes
Action required: manually review and submit any promotion request.

[2026-09-10T12:08:57+00:00] Promotion cycle prepared
Instagram post: https://www.instagram.com/p/DcokpCGDHMP/?utm_source=ig_web_copy_link&igsi=MzRlODBiNWFlZA==
Promotion page: https://zefame.com/en/free-instagram-likes
Next cooldown: 32 minutes
Action required: manually review and submit any promotion request.

[2026-09-10T16:41:07+00:00] Promotion cycle prepared
Instagram post: https://www.instagram.com/p/DcokpCGDHMP/?utm_source=ig_web_copy_link&igsi=MzRlODBiNWFlZA==
Promotion page: https://zefame.com/en/free-instagram-likes
Next cooldown: 32 minutes
Action required: manually review and submit any promotion request.

[2026-09-10T19:29:25+00:00] Promotion cycle prepared
Instagram post: https://www.instagram.com/p/DcokpCGDHMP/?utm_source=ig_web_copy_link&igsi=MzRlODBiNWFlZA==
Promotion page: https://zefame.com/en/free-instagram-likes
Next cooldown: 32 minutes
Action required: manually review and submit any promotion request.

[2026-09-10T21:50:01+00:00] Promotion cycle prepared
Instagram post: https://www.instagram.com/p/DcokpCGDHMP/?utm_source=ig_web_copy_link&igsi=MzRlODBiNWFlZA==
Promotion page: https://zefame.com/en/free-instagram-likes
Next cooldown: 32 minutes
Action required: manually review and submit any promotion request.

[2026-09-10T23:53:53+00:00] Promotion cycle prepared
Instagram post: https://www.instagram.com/p/DcokpCGDHMP/?utm_source=ig_web_copy_link&igsi=MzRlODBiNWFlZA==
Promotion page: https://zefame.com/en/free-instagram-likes
Next cooldown: 32 minutes
Action required: manually review and submit any promotion request.

[2026-09-11T04:03:06+00:00] Promotion cycle prepared
Instagram post: https://www.instagram.com/p/DcokpCGDHMP/?utm_source=ig_web_copy_link&igsi=MzRlODBiNWFlZA==
Promotion page: https://zefame.com/en/free-instagram-likes
Next cooldown: 32 minutes
Action required: manually review and submit any promotion request.

[2026-09-11T09:05:43+00:00] Promotion cycle prepared
Instagram post: https://www.instagram.com/p/DcokpCGDHMP/?utm_source=ig_web_copy_link&igsi=MzRlODBiNWFlZA==
Promotion page: https://zefame.com/en/free-instagram-likes
Next cooldown: 32 minutes
Action required: manually review and submit any promotion request.

[2026-09-11T13:47:11+00:00] Promotion cycle prepared
Instagram post: https://www.instagram.com/p/DcokpCGDHMP/?utm_source=ig_web_copy_link&igsi=MzRlODBiNWFlZA==
Promotion page: https://zefame.com/en/free-instagram-likes
Next cooldown: 32 minutes
Action required: manually review and submit any promotion request.

[2026-09-11T17:40:40+00:00] Promotion cycle prepared
Instagram post: https://www.instagram.com/p/DcokpCGDHMP/?utm_source=ig_web_copy_link&igsi=MzRlODBiNWFlZA==
Promotion page: https://zefame.com/en/free-instagram-likes
Next cooldown: 32 minutes
Action required: manually review and submit any promotion request.

